  Allocating blocks in 'DW02_mult_A_width8_B_width8'
Information: Updating design information... (UID-85)
Warning: Design 'riscv_core_timing' contains 1 high-fanout nets. A fanout number of 1000 will be used for delay calculations involving these nets. (TIM-134)
 
****************************************
Report : timing
        -path full
        -delay max
        -max_paths 1
Design : riscv_core_timing
Version: T-2022.03-SP2
Date   : Mon Apr 20 20:04:32 2026
****************************************

 # A fanout number of 1000 was used for high fanout net computations.

Operating Conditions: typical   Library: typical
Wire Load Model Mode: top

  Startpoint: RISCV_Core/d_cache/craching_out/curr_inflight_reg[request_type][0]
              (rising edge-triggered flip-flop clocked by clk)
  Endpoint: RISCV_Core/i_cache/craching_out/curr_inflight_reg[state_data][blocks][1][tag][0]
            (rising edge-triggered flip-flop clocked by clk)
  Path Group: clk
  Path Type: max

  Point                                                   Incr       Path
  --------------------------------------------------------------------------
  clock clk (rise edge)                                   0.00       0.00
  clock network delay (ideal)                             0.05       0.05
  RISCV_Core/d_cache/craching_out/curr_inflight_reg[request_type][0]/CK (DFFRHQX4)
                                                          0.00 #     0.05 r
  RISCV_Core/d_cache/craching_out/curr_inflight_reg[request_type][0]/Q (DFFRHQX4)
                                                          0.21       0.26 r
  RISCV_Core/d_cache/craching_out/U2068/Y (NOR3X4)        0.06       0.32 f
  RISCV_Core/d_cache/craching_out/U715/Y (NOR2BX4)        0.11       0.43 r
  RISCV_Core/d_cache/craching_out/U2585/Y (NOR2X2)        0.08       0.51 f
  RISCV_Core/d_cache/craching_out/U1966/Y (AOI22X4)       0.12       0.63 r
  RISCV_Core/d_cache/craching_out/U2015/Y (NAND2X4)       0.04       0.67 f
  RISCV_Core/d_cache/craching_out/U1996/Y (NAND2X4)       0.06       0.73 r
  RISCV_Core/d_cache/craching_out/U2003/Y (AOI21X4)       0.05       0.78 f
  RISCV_Core/d_cache/craching_out/U2002/Y (INVX8)         0.05       0.83 r
  RISCV_Core/d_cache/craching_out/user_read_hit_BAR (cache_new_INDEX_BITS4_BLOCK_OFFSET_BITS2_WAYS2_WORD_SIZE32_ADDRESS_SIZE30_POLICY1)
                                                          0.00       0.83 r
  RISCV_Core/d_cache/U520/Y (INVX4)                       0.02       0.86 f
  RISCV_Core/d_cache/U605/Y (NAND2X4)                     0.05       0.90 r
  RISCV_Core/d_cache/U600/Y (NAND2X4)                     0.03       0.94 f
  RISCV_Core/d_cache/U601/Y (NAND2X4)                     0.05       0.99 r
  RISCV_Core/d_cache/U753/Y (OAI2BB2X4)                   0.05       1.04 f
  RISCV_Core/d_cache/mem_req_store_mask[3] (cache_controller_new_INDEX_BITS4_BLOCK_OFFSET_BITS2_WAYS2_POLICY1)
                                                          0.00       1.04 f
  RISCV_Core/U69/Y (NOR2X4)                               0.07       1.10 r
  RISCV_Core/U70/Y (INVX4)                                0.03       1.13 f
  RISCV_Core/U76/Y (NOR3X4)                               0.06       1.19 r
  RISCV_Core/U77/Y (AND3X4)                               0.12       1.31 r
  RISCV_Core/i_cache/mem_rsp_ready (cache_controller_new_INDEX_BITS6_BLOCK_OFFSET_BITS2_WAYS2_POLICY1)
                                                          0.00       1.31 r
  RISCV_Core/i_cache/U35/Y (INVX1)                        0.05       1.36 f
  RISCV_Core/i_cache/U15/Y (CLKINVX4)                     0.04       1.40 r
  RISCV_Core/i_cache/U28/Y (NAND2BX4)                     0.11       1.51 r
  RISCV_Core/i_cache/U22/Y (AOI22X4)                      0.05       1.56 f
  RISCV_Core/i_cache/craching_out/address[2] (cache_new_INDEX_BITS6_BLOCK_OFFSET_BITS2_WAYS2_WORD_SIZE32_ADDRESS_SIZE30_POLICY1)
                                                          0.00       1.56 f
  RISCV_Core/i_cache/craching_out/cache_money/read_addr[0] (sram_1r_1w_64_310_0)
                                                          0.00       1.56 f
  RISCV_Core/i_cache/craching_out/cache_money/timing_model/read_addr[0] (sram_timing_model_64_310_1_1_0_662242)
                                                          0.00       1.56 f
  RISCV_Core/i_cache/craching_out/cache_money/timing_model/sram_delay_6_107/Y (BUFX20)
                                                          0.09       1.66 f
  RISCV_Core/i_cache/craching_out/cache_money/timing_model/sram_delay_6_106/Y (BUFX20)
                                                          0.07       1.73 f
  RISCV_Core/i_cache/craching_out/cache_money/timing_model/sram_delay_6_105/Y (BUFX20)
                                                          0.07       1.80 f
  RISCV_Core/i_cache/craching_out/cache_money/timing_model/sram_delay_6_104/Y (BUFX20)
                                                          0.07       1.87 f
  RISCV_Core/i_cache/craching_out/cache_money/timing_model/sram_delay_6_103/Y (BUFX20)
                                                          0.07       1.93 f
  RISCV_Core/i_cache/craching_out/cache_money/timing_model/sram_delay_6_102/Y (BUFX20)
                                                          0.07       2.00 f
  RISCV_Core/i_cache/craching_out/cache_money/timing_model/sram_delay_6_101/Y (BUFX20)
                                                          0.07       2.07 f
  RISCV_Core/i_cache/craching_out/cache_money/timing_model/sram_delay_6_100/Y (BUFX20)
                                                          0.07       2.14 f
  RISCV_Core/i_cache/craching_out/cache_money/timing_model/sram_delay_6_99/Y (BUFX20)
                                                          0.07       2.21 f
  RISCV_Core/i_cache/craching_out/cache_money/timing_model/sram_delay_6_98/Y (BUFX20)
                                                          0.07       2.28 f
  RISCV_Core/i_cache/craching_out/cache_money/timing_model/sram_delay_6_97/Y (BUFX20)
                                                          0.07       2.35 f
  RISCV_Core/i_cache/craching_out/cache_money/timing_model/sram_delay_6_96/Y (BUFX20)
                                                          0.07       2.42 f
  RISCV_Core/i_cache/craching_out/cache_money/timing_model/sram_delay_6_95/Y (BUFX20)
                                                          0.07       2.49 f
  RISCV_Core/i_cache/craching_out/cache_money/timing_model/sram_delay_6_94/Y (BUFX20)
                                                          0.07       2.56 f
  RISCV_Core/i_cache/craching_out/cache_money/timing_model/sram_delay_6_93/Y (BUFX20)
                                                          0.07       2.63 f
  RISCV_Core/i_cache/craching_out/cache_money/timing_model/sram_delay_6_92/Y (BUFX20)
                                                          0.07       2.70 f
  RISCV_Core/i_cache/craching_out/cache_money/timing_model/sram_delay_6_91/Y (BUFX20)
                                                          0.07       2.77 f
  RISCV_Core/i_cache/craching_out/cache_money/timing_model/sram_delay_6_90/Y (BUFX20)
                                                          0.09       2.86 f
  RISCV_Core/i_cache/craching_out/cache_money/timing_model/read_data[282] (sram_timing_model_64_310_1_1_0_662242)
                                                          0.00       2.86 f
  RISCV_Core/i_cache/craching_out/cache_money/read_data[282] (sram_1r_1w_64_310_0)
                                                          0.00       2.86 f
  RISCV_Core/i_cache/craching_out/U1315/Y (AOI2BB2XL)     0.10       2.97 r
  RISCV_Core/i_cache/craching_out/U942/Y (NAND2XL)        0.04       3.01 f
  RISCV_Core/i_cache/craching_out/curr_inflight_reg[state_data][blocks][1][tag][0]/D (DFFRX4)
                                                          0.00       3.01 f
  data arrival time                                                  3.01

  clock clk (rise edge)                                   3.28       3.28
  clock network delay (ideal)                             0.05       3.33
  clock uncertainty                                      -0.03       3.30
  RISCV_Core/i_cache/craching_out/curr_inflight_reg[state_data][blocks][1][tag][0]/CK (DFFRX4)
                                                          0.00       3.30 r
  library setup time                                     -0.16       3.14
  data required time                                                 3.14
  --------------------------------------------------------------------------
  data required time                                                 3.14
  data arrival time                                                 -3.01
  --------------------------------------------------------------------------
  slack (MET)                                                        0.14


1
